nohup: ignoring input

libgomp: Invalid value for environment variable OMP_NUM_THREADS

libgomp: Invalid value for environment variable OMP_NUM_THREADS
================================================================================
Multi-length Stage2 training
train_lengths: [100]
val_lengths: [100]
tf_names: ALL
device: cuda
nt_head_type: refine_conv
nt_refine_dim: None
nt_refine_kernel_size: 3
nt_refine_num_layers: 2
================================================================================
[Stage2Dataset] loaded TF=ASCL1, split=train, n=11254, pos=5627, neg=5627, ppm_shape=(4, 13)
[Stage2Dataset] loaded TF=ATF2, split=train, n=15000, pos=7500, neg=7500, ppm_shape=(4, 10)
[Stage2Dataset] loaded TF=ATF4, split=train, n=15000, pos=7500, neg=7500, ppm_shape=(4, 10)
[Stage2Dataset] loaded TF=BACH1, split=train, n=15000, pos=7500, neg=7500, ppm_shape=(4, 13)
[Stage2Dataset] loaded TF=BACH2, split=train, n=3028, pos=1514, neg=1514, ppm_shape=(4, 14)
[Stage2Dataset] loaded TF=BATF, split=train, n=15000, pos=7500, neg=7500, ppm_shape=(4, 7)
[Stage2Dataset] loaded TF=BATF3, split=train, n=15000, pos=7500, neg=7500, ppm_shape=(4, 7)
[Stage2Dataset] loaded TF=BATF::JUN, split=train, n=15000, pos=7500, neg=7500, ppm_shape=(4, 11)
[Stage2Dataset] loaded TF=BCL11A, split=train, n=10014, pos=5007, neg=5007, ppm_shape=(4, 7)
[Stage2Dataset] loaded TF=BHLHE22, split=train, n=15000, pos=7500, neg=7500, ppm_shape=(4, 6)
[Stage2Dataset] loaded TF=CDX2, split=train, n=15000, pos=7500, neg=7500, ppm_shape=(4, 8)
[Stage2Dataset] loaded TF=CEBPA, split=train, n=15000, pos=7500, neg=7500, ppm_shape=(4, 10)
[Stage2Dataset] loaded TF=CEBPD, split=train, n=15000, pos=7500, neg=7500, ppm_shape=(4, 8)
[Stage2Dataset] loaded TF=CEBPG, split=train, n=15000, pos=7500, neg=7500, ppm_shape=(4, 10)
[Stage2Dataset] loaded TF=CREB1, split=train, n=15000, pos=7500, neg=7500, ppm_shape=(4, 8)
[Stage2Dataset] loaded TF=CREM, split=train, n=15000, pos=7500, neg=7500, ppm_shape=(4, 10)
[Stage2Dataset] loaded TF=CTCFL, split=train, n=15000, pos=7500, neg=7500, ppm_shape=(4, 8)
[Stage2Dataset] loaded TF=DMTF1, split=train, n=9246, pos=4623, neg=4623, ppm_shape=(4, 11)
[Stage2Dataset] loaded TF=E2F6, split=train, n=15000, pos=7500, neg=7500, ppm_shape=(4, 8)
[Stage2Dataset] loaded TF=EBF1, split=train, n=15000, pos=7500, neg=7500, ppm_shape=(4, 11)
[Stage2Dataset] loaded TF=EBF3, split=train, n=15000, pos=7500, neg=7500, ppm_shape=(4, 9)
[Stage2Dataset] loaded TF=EGR1, split=train, n=15000, pos=7500, neg=7500, ppm_shape=(4, 10)
[Stage2Dataset] loaded TF=EHF, split=train, n=15000, pos=7500, neg=7500, ppm_shape=(4, 9)
[Stage2Dataset] loaded TF=ELF1, split=train, n=15000, pos=7500, neg=7500, ppm_shape=(4, 9)
[Stage2Dataset] loaded TF=ELF3, split=train, n=15000, pos=7500, neg=7500, ppm_shape=(4, 9)
[Stage2Dataset] loaded TF=EPAS1, split=train, n=1020, pos=510, neg=510, ppm_shape=(4, 9)
[Stage2Dataset] loaded TF=ESRRA, split=train, n=15000, pos=7500, neg=7500, ppm_shape=(4, 9)
[Stage2Dataset] loaded TF=ETV1, split=train, n=15000, pos=7500, neg=7500, ppm_shape=(4, 9)
[Stage2Dataset] loaded TF=ETV4, split=train, n=13548, pos=6774, neg=6774, ppm_shape=(4, 10)
[Stage2Dataset] loaded TF=ETV5, split=train, n=15000, pos=7500, neg=7500, ppm_shape=(4, 11)
[Stage2Dataset] loaded TF=FOSL1, split=train, n=15000, pos=7500, neg=7500, ppm_shape=(4, 9)
[Stage2Dataset] loaded TF=FOXA1, split=train, n=15000, pos=7500, neg=7500, ppm_shape=(4, 8)
[Stage2Dataset] loaded TF=FOXA2, split=train, n=15000, pos=7500, neg=7500, ppm_shape=(4, 8)
[Stage2Dataset] loaded TF=FOXA3, split=train, n=15000, pos=7500, neg=7500, ppm_shape=(4, 7)
[Stage2Dataset] loaded TF=FOXK1, split=train, n=1684, pos=842, neg=842, ppm_shape=(4, 7)
[Stage2Dataset] loaded TF=FOXK2, split=train, n=15000, pos=7500, neg=7500, ppm_shape=(4, 7)
[Stage2Dataset] loaded TF=FOXP1, split=train, n=15000, pos=7500, neg=7500, ppm_shape=(4, 7)
[Stage2Dataset] loaded TF=GABPA, split=train, n=15000, pos=7500, neg=7500, ppm_shape=(4, 10)
[Stage2Dataset] loaded TF=GATA1, split=train, n=15000, pos=7500, neg=7500, ppm_shape=(4, 7)
[Stage2Dataset] loaded TF=GATA2, split=train, n=15000, pos=7500, neg=7500, ppm_shape=(4, 7)
[Stage2Dataset] loaded TF=GATA4, split=train, n=15000, pos=7500, neg=7500, ppm_shape=(4, 8)
[Stage2Dataset] loaded TF=GATA6, split=train, n=15000, pos=7500, neg=7500, ppm_shape=(4, 8)
[Stage2Dataset] loaded TF=GRHL2, split=train, n=15000, pos=7500, neg=7500, ppm_shape=(4, 8)
[Stage2Dataset] loaded TF=HAND2, split=train, n=15000, pos=7500, neg=7500, ppm_shape=(4, 6)
[Stage2Dataset] loaded TF=HIF1A, split=train, n=1556, pos=778, neg=778, ppm_shape=(4, 6)
[Stage2Dataset] loaded TF=HLF, split=train, n=15000, pos=7500, neg=7500, ppm_shape=(4, 9)
[Stage2Dataset] loaded TF=HNF4A, split=train, n=15000, pos=7500, neg=7500, ppm_shape=(4, 9)
[Stage2Dataset] loaded TF=HNF4G, split=train, n=15000, pos=7500, neg=7500, ppm_shape=(4, 9)
[Stage2Dataset] loaded TF=HOXB13, split=train, n=15000, pos=7500, neg=7500, ppm_shape=(4, 9)
[Stage2Dataset] loaded TF=IKZF1, split=train, n=15000, pos=7500, neg=7500, ppm_shape=(4, 8)
[Stage2Dataset] loaded TF=IKZF2, split=train, n=15000, pos=7500, neg=7500, ppm_shape=(4, 6)
[Stage2Dataset] loaded TF=JUNB, split=train, n=15000, pos=7500, neg=7500, ppm_shape=(4, 9)
[Stage2Dataset] loaded TF=JUND, split=train, n=15000, pos=7500, neg=7500, ppm_shape=(4, 9)
[Stage2Dataset] loaded TF=KLF15, split=train, n=15000, pos=7500, neg=7500, ppm_shape=(4, 8)
[Stage2Dataset] loaded TF=KLF4, split=train, n=15000, pos=7500, neg=7500, ppm_shape=(4, 8)
[Stage2Dataset] loaded TF=KLF9, split=train, n=15000, pos=7500, neg=7500, ppm_shape=(4, 11)
[Stage2Dataset] loaded TF=LEUTX, split=train, n=8770, pos=4385, neg=4385, ppm_shape=(4, 8)
[Stage2Dataset] loaded TF=LHX2, split=train, n=10106, pos=5053, neg=5053, ppm_shape=(4, 6)
[Stage2Dataset] loaded TF=MAFF, split=train, n=15000, pos=7500, neg=7500, ppm_shape=(4, 11)
[Stage2Dataset] loaded TF=MAFG, split=train, n=15000, pos=7500, neg=7500, ppm_shape=(4, 15)
[Stage2Dataset] loaded TF=MAFG::NRF1, split=train, n=5382, pos=2691, neg=2691, ppm_shape=(4, 16)
[Stage2Dataset] loaded TF=MAFK, split=train, n=15000, pos=7500, neg=7500, ppm_shape=(4, 10)
[Stage2Dataset] loaded TF=MAZ, split=train, n=15000, pos=7500, neg=7500, ppm_shape=(4, 8)
[Stage2Dataset] loaded TF=MEF2A, split=train, n=15000, pos=7500, neg=7500, ppm_shape=(4, 10)
[Stage2Dataset] loaded TF=MEIS1, split=train, n=10788, pos=5394, neg=5394, ppm_shape=(4, 9)
[Stage2Dataset] loaded TF=MEIS2, split=train, n=15000, pos=7500, neg=7500, ppm_shape=(4, 9)
[Stage2Dataset] loaded TF=MITF, split=train, n=15000, pos=7500, neg=7500, ppm_shape=(4, 10)
[Stage2Dataset] loaded TF=MSANTD1, split=train, n=15000, pos=7500, neg=7500, ppm_shape=(4, 10)
[Stage2Dataset] loaded TF=MXI1, split=train, n=15000, pos=7500, neg=7500, ppm_shape=(4, 6)
[Stage2Dataset] loaded TF=MYB, split=train, n=2458, pos=1229, neg=1229, ppm_shape=(4, 6)
[Stage2Dataset] loaded TF=MYC, split=train, n=7938, pos=3969, neg=3969, ppm_shape=(4, 8)
[Stage2Dataset] loaded TF=MYCN, split=train, n=11212, pos=5606, neg=5606, ppm_shape=(4, 8)
[Stage2Dataset] loaded TF=MYF5, split=train, n=15000, pos=7500, neg=7500, ppm_shape=(4, 8)
[Stage2Dataset] loaded TF=MYOD1, split=train, n=15000, pos=7500, neg=7500, ppm_shape=(4, 9)
[Stage2Dataset] loaded TF=MYOG, split=train, n=15000, pos=7500, neg=7500, ppm_shape=(4, 8)
[Stage2Dataset] loaded TF=MZF1, split=train, n=13174, pos=6587, neg=6587, ppm_shape=(4, 8)
[Stage2Dataset] loaded TF=NEUROD1, split=train, n=3636, pos=1818, neg=1818, ppm_shape=(4, 8)
[Stage2Dataset] loaded TF=NEUROG2, split=train, n=15000, pos=7500, neg=7500, ppm_shape=(4, 7)
[Stage2Dataset] loaded TF=NFIB, split=train, n=7042, pos=3521, neg=3521, ppm_shape=(4, 17)
[Stage2Dataset] loaded TF=NFIC, split=train, n=15000, pos=7500, neg=7500, ppm_shape=(4, 7)
[Stage2Dataset] loaded TF=NFIL3, split=train, n=15000, pos=7500, neg=7500, ppm_shape=(4, 9)
[Stage2Dataset] loaded TF=NFYA, split=train, n=7754, pos=3877, neg=3877, ppm_shape=(4, 8)
[Stage2Dataset] loaded TF=NFYB, split=train, n=11954, pos=5977, neg=5977, ppm_shape=(4, 9)
[Stage2Dataset] loaded TF=NFYC, split=train, n=15000, pos=7500, neg=7500, ppm_shape=(4, 7)
[Stage2Dataset] loaded TF=NKX2-2, split=train, n=15000, pos=7500, neg=7500, ppm_shape=(4, 8)
[Stage2Dataset] loaded TF=NKX2-5, split=train, n=8726, pos=4363, neg=4363, ppm_shape=(4, 7)
[Stage2Dataset] loaded TF=NR1H4, split=train, n=808, pos=404, neg=404, ppm_shape=(4, 11)
[Stage2Dataset] loaded TF=NR2F2, split=train, n=3542, pos=1771, neg=1771, ppm_shape=(4, 7)
[Stage2Dataset] loaded TF=NR4A1, split=train, n=15000, pos=7500, neg=7500, ppm_shape=(4, 8)
[Stage2Dataset] loaded TF=ONECUT1, split=train, n=15000, pos=7500, neg=7500, ppm_shape=(4, 9)
[Stage2Dataset] loaded TF=OSR2, split=train, n=15000, pos=7500, neg=7500, ppm_shape=(4, 8)
[Stage2Dataset] loaded TF=OTX2, split=train, n=15000, pos=7500, neg=7500, ppm_shape=(4, 7)
[Stage2Dataset] loaded TF=PAX5, split=train, n=2234, pos=1117, neg=1117, ppm_shape=(4, 8)
[Stage2Dataset] loaded TF=PBX2, split=train, n=15000, pos=7500, neg=7500, ppm_shape=(4, 9)
[Stage2Dataset] loaded TF=PBX3, split=train, n=11216, pos=5608, neg=5608, ppm_shape=(4, 11)
[Stage2Dataset] loaded TF=PHOX2B, split=train, n=15000, pos=7500, neg=7500, ppm_shape=(4, 12)
[Stage2Dataset] loaded TF=PKNOX1, split=train, n=15000, pos=7500, neg=7500, ppm_shape=(4, 10)
[Stage2Dataset] loaded TF=POU2F3, split=train, n=15000, pos=7500, neg=7500, ppm_shape=(4, 9)
[Stage2Dataset] loaded TF=POU5F1, split=train, n=15000, pos=7500, neg=7500, ppm_shape=(4, 7)
[Stage2Dataset] loaded TF=PRDM1, split=train, n=15000, pos=7500, neg=7500, ppm_shape=(4, 7)
[Stage2Dataset] loaded TF=PRDM4, split=train, n=14418, pos=7209, neg=7209, ppm_shape=(4, 11)
[Stage2Dataset] loaded TF=RBPJ, split=train, n=3822, pos=1911, neg=1911, ppm_shape=(4, 6)
[Stage2Dataset] loaded TF=RELB, split=train, n=5226, pos=2613, neg=2613, ppm_shape=(4, 7)
[Stage2Dataset] loaded TF=RFX1, split=train, n=15000, pos=7500, neg=7500, ppm_shape=(4, 14)
[Stage2Dataset] loaded TF=RFX3, split=train, n=12636, pos=6318, neg=6318, ppm_shape=(4, 14)
[Stage2Dataset] loaded TF=RUNX3, split=train, n=15000, pos=7500, neg=7500, ppm_shape=(4, 8)
[Stage2Dataset] loaded TF=SCRT1, split=train, n=15000, pos=7500, neg=7500, ppm_shape=(4, 10)
[Stage2Dataset] loaded TF=SCRT2, split=train, n=15000, pos=7500, neg=7500, ppm_shape=(4, 10)
[Stage2Dataset] loaded TF=SIX1, split=train, n=1764, pos=882, neg=882, ppm_shape=(4, 9)
[Stage2Dataset] loaded TF=SIX2, split=train, n=8718, pos=4359, neg=4359, ppm_shape=(4, 11)
[Stage2Dataset] loaded TF=SNAI2, split=train, n=15000, pos=7500, neg=7500, ppm_shape=(4, 8)
[Stage2Dataset] loaded TF=SOX10, split=train, n=3268, pos=1634, neg=1634, ppm_shape=(4, 6)
[Stage2Dataset] loaded TF=SOX13, split=train, n=7290, pos=3645, neg=3645, ppm_shape=(4, 7)
[Stage2Dataset] loaded TF=SOX2, split=train, n=15000, pos=7500, neg=7500, ppm_shape=(4, 7)
[Stage2Dataset] loaded TF=SPI1, split=train, n=15000, pos=7500, neg=7500, ppm_shape=(4, 20)
[Stage2Dataset] loaded TF=SPIB, split=train, n=15000, pos=7500, neg=7500, ppm_shape=(4, 13)
[Stage2Dataset] loaded TF=SREBF1, split=train, n=11444, pos=5722, neg=5722, ppm_shape=(4, 10)
[Stage2Dataset] loaded TF=TCF12, split=train, n=15000, pos=7500, neg=7500, ppm_shape=(4, 7)
[Stage2Dataset] loaded TF=TCF3, split=train, n=15000, pos=7500, neg=7500, ppm_shape=(4, 7)
[Stage2Dataset] loaded TF=TCF4, split=train, n=15000, pos=7500, neg=7500, ppm_shape=(4, 8)
[Stage2Dataset] loaded TF=TCF7, split=train, n=15000, pos=7500, neg=7500, ppm_shape=(4, 7)
[Stage2Dataset] loaded TF=TEAD1, split=train, n=15000, pos=7500, neg=7500, ppm_shape=(4, 9)
[Stage2Dataset] loaded TF=TEAD2, split=train, n=858, pos=429, neg=429, ppm_shape=(4, 7)
[Stage2Dataset] loaded TF=TEAD4, split=train, n=15000, pos=7500, neg=7500, ppm_shape=(4, 8)
[Stage2Dataset] loaded TF=TFAP2A, split=train, n=15000, pos=7500, neg=7500, ppm_shape=(4, 9)
[Stage2Dataset] loaded TF=TFAP2C, split=train, n=15000, pos=7500, neg=7500, ppm_shape=(4, 9)
[Stage2Dataset] loaded TF=TFDP1, split=train, n=3212, pos=1606, neg=1606, ppm_shape=(4, 8)
[Stage2Dataset] loaded TF=THAP11, split=train, n=762, pos=381, neg=381, ppm_shape=(4, 19)
[Stage2Dataset] loaded TF=TIGD3, split=train, n=15000, pos=7500, neg=7500, ppm_shape=(4, 8)
[Stage2Dataset] loaded TF=TPRX1, split=train, n=15000, pos=7500, neg=7500, ppm_shape=(4, 10)
[Stage2Dataset] loaded TF=TWIST1, split=train, n=15000, pos=7500, neg=7500, ppm_shape=(4, 8)
[Stage2Dataset] loaded TF=USF1, split=train, n=15000, pos=7500, neg=7500, ppm_shape=(4, 10)
[Stage2Dataset] loaded TF=USF2, split=train, n=15000, pos=7500, neg=7500, ppm_shape=(4, 14)
[Stage2Dataset] loaded TF=USF3, split=train, n=15000, pos=7500, neg=7500, ppm_shape=(4, 8)
[Stage2Dataset] loaded TF=YY2, split=train, n=9124, pos=4562, neg=4562, ppm_shape=(4, 7)
[Stage2Dataset] loaded TF=ZBED4, split=train, n=1050, pos=525, neg=525, ppm_shape=(4, 10)
[Stage2Dataset] loaded TF=ZBED5, split=train, n=15000, pos=7500, neg=7500, ppm_shape=(4, 8)
[Stage2Dataset] loaded TF=ZBTB11, split=train, n=3830, pos=1915, neg=1915, ppm_shape=(4, 9)
[Stage2Dataset] loaded TF=ZBTB12, split=train, n=7656, pos=3828, neg=3828, ppm_shape=(4, 7)
[Stage2Dataset] loaded TF=ZBTB14, split=train, n=7310, pos=3655, neg=3655, ppm_shape=(4, 8)
[Stage2Dataset] loaded TF=ZBTB17, split=train, n=470, pos=235, neg=235, ppm_shape=(4, 8)
[Stage2Dataset] loaded TF=ZBTB26, split=train, n=2590, pos=1295, neg=1295, ppm_shape=(4, 8)
[Stage2Dataset] loaded TF=ZBTB6, split=train, n=3564, pos=1782, neg=1782, ppm_shape=(4, 9)
[Stage2Dataset] loaded TF=ZBTB7A, split=train, n=15000, pos=7500, neg=7500, ppm_shape=(4, 13)
[Stage2Dataset] loaded TF=ZEB1, split=train, n=15000, pos=7500, neg=7500, ppm_shape=(4, 6)
[Stage2Dataset] loaded TF=ZFP42, split=train, n=2802, pos=1401, neg=1401, ppm_shape=(4, 13)
[Stage2Dataset] loaded TF=ZFP57, split=train, n=10154, pos=5077, neg=5077, ppm_shape=(4, 7)
[Stage2Dataset] loaded TF=ZFTA, split=train, n=15000, pos=7500, neg=7500, ppm_shape=(4, 9)
[Stage2Dataset] loaded TF=ZIM3, split=train, n=15000, pos=7500, neg=7500, ppm_shape=(4, 11)
[Stage2Dataset] loaded TF=ZKSCAN1, split=train, n=9800, pos=4900, neg=4900, ppm_shape=(4, 9)
[Stage2Dataset] loaded TF=ZKSCAN5, split=train, n=5284, pos=2642, neg=2642, ppm_shape=(4, 9)
[Stage2Dataset] loaded TF=ZNF135, split=train, n=2500, pos=1250, neg=1250, ppm_shape=(4, 14)
[Stage2Dataset] loaded TF=ZNF136, split=train, n=5730, pos=2865, neg=2865, ppm_shape=(4, 15)
[Stage2Dataset] loaded TF=ZNF140, split=train, n=2944, pos=1472, neg=1472, ppm_shape=(4, 19)
[Stage2Dataset] loaded TF=ZNF148, split=train, n=15000, pos=7500, neg=7500, ppm_shape=(4, 10)
[Stage2Dataset] loaded TF=ZNF16, split=train, n=1334, pos=667, neg=667, ppm_shape=(4, 21)
[Stage2Dataset] loaded TF=ZNF175, split=train, n=2352, pos=1176, neg=1176, ppm_shape=(4, 9)
[Stage2Dataset] loaded TF=ZNF189, split=train, n=15000, pos=7500, neg=7500, ppm_shape=(4, 9)
[Stage2Dataset] loaded TF=ZNF213, split=train, n=1104, pos=552, neg=552, ppm_shape=(4, 12)
[Stage2Dataset] loaded TF=ZNF24, split=train, n=15000, pos=7500, neg=7500, ppm_shape=(4, 13)
[Stage2Dataset] loaded TF=ZNF251, split=train, n=3150, pos=1575, neg=1575, ppm_shape=(4, 20)
[Stage2Dataset] loaded TF=ZNF263, split=train, n=15000, pos=7500, neg=7500, ppm_shape=(4, 7)
[Stage2Dataset] loaded TF=ZNF317, split=train, n=15000, pos=7500, neg=7500, ppm_shape=(4, 8)
[Stage2Dataset] loaded TF=ZNF331, split=train, n=1824, pos=912, neg=912, ppm_shape=(4, 10)
[Stage2Dataset] loaded TF=ZNF341, split=train, n=15000, pos=7500, neg=7500, ppm_shape=(4, 8)
[Stage2Dataset] loaded TF=ZNF347, split=train, n=3672, pos=1836, neg=1836, ppm_shape=(4, 16)
[Stage2Dataset] loaded TF=ZNF35, split=train, n=15000, pos=7500, neg=7500, ppm_shape=(4, 7)
[Stage2Dataset] loaded TF=ZNF362, split=train, n=15000, pos=7500, neg=7500, ppm_shape=(4, 10)
[Stage2Dataset] loaded TF=ZNF382, split=train, n=9054, pos=4527, neg=4527, ppm_shape=(4, 24)
[Stage2Dataset] loaded TF=ZNF384, split=train, n=15000, pos=7500, neg=7500, ppm_shape=(4, 8)
[Stage2Dataset] loaded TF=ZNF43, split=train, n=1078, pos=539, neg=539, ppm_shape=(4, 12)
[Stage2Dataset] loaded TF=ZNF449, split=train, n=12228, pos=6114, neg=6114, ppm_shape=(4, 10)
[Stage2Dataset] loaded TF=ZNF460, split=train, n=2832, pos=1416, neg=1416, ppm_shape=(4, 16)
[Stage2Dataset] loaded TF=ZNF470, split=train, n=110, pos=55, neg=55, ppm_shape=(4, 16)
[Stage2Dataset] loaded TF=ZNF528, split=train, n=1058, pos=529, neg=529, ppm_shape=(4, 17)
[Stage2Dataset] loaded TF=ZNF547, split=train, n=698, pos=349, neg=349, ppm_shape=(4, 13)
[Stage2Dataset] loaded TF=ZNF549, split=train, n=7728, pos=3864, neg=3864, ppm_shape=(4, 8)
[Stage2Dataset] loaded TF=ZNF610, split=train, n=3774, pos=1887, neg=1887, ppm_shape=(4, 10)
[Stage2Dataset] loaded TF=ZNF652, split=train, n=15000, pos=7500, neg=7500, ppm_shape=(4, 9)
[Stage2Dataset] loaded TF=ZNF677, split=train, n=2536, pos=1268, neg=1268, ppm_shape=(4, 12)
[Stage2Dataset] loaded TF=ZNF680, split=train, n=9204, pos=4602, neg=4602, ppm_shape=(4, 11)
[Stage2Dataset] loaded TF=ZNF682, split=train, n=1704, pos=852, neg=852, ppm_shape=(4, 11)
[Stage2Dataset] loaded TF=ZNF700, split=train, n=3944, pos=1972, neg=1972, ppm_shape=(4, 10)
[Stage2Dataset] loaded TF=ZNF707, split=train, n=1852, pos=926, neg=926, ppm_shape=(4, 15)
[Stage2Dataset] loaded TF=ZNF708, split=train, n=1358, pos=679, neg=679, ppm_shape=(4, 9)
[Stage2Dataset] loaded TF=ZNF724, split=train, n=316, pos=158, neg=158, ppm_shape=(4, 24)
[Stage2Dataset] loaded TF=ZNF75D, split=train, n=11456, pos=5728, neg=5728, ppm_shape=(4, 10)
[Stage2Dataset] loaded TF=ZNF766, split=train, n=12946, pos=6473, neg=6473, ppm_shape=(4, 9)
[Stage2Dataset] loaded TF=ZNF770, split=train, n=15000, pos=7500, neg=7500, ppm_shape=(4, 8)
[Stage2Dataset] loaded TF=ZNF8, split=train, n=4308, pos=2154, neg=2154, ppm_shape=(4, 20)
[Stage2Dataset] loaded TF=ZNF816, split=train, n=1692, pos=846, neg=846, ppm_shape=(4, 15)
[Stage2Dataset] loaded TF=ZNF841, split=train, n=132, pos=66, neg=66, ppm_shape=(4, 13)
[Stage2Dataset] loaded TF=ZNF85, split=train, n=942, pos=471, neg=471, ppm_shape=(4, 12)
[Stage2Dataset] loaded TF=ZNF93, split=train, n=3848, pos=1924, neg=1924, ppm_shape=(4, 14)
[Stage2Dataset] loaded TF=ZSCAN21, split=train, n=1480, pos=740, neg=740, ppm_shape=(4, 7)
[Stage2Dataset] loaded TF=ZXDA, split=train, n=5454, pos=2727, neg=2727, ppm_shape=(4, 8)
================================================================================
[Stage2Dataset] summary
data_root: /root/autodl-tmp/bed_split_result
ppm_root: /root/autodl-tmp/data/PPM_data
split: train
length: 100
num_tfs: 196
num_samples: 2136484
skipped_tfs: 0
================================================================================
[Stage2Dataset] loaded TF=ASCL1, split=val, n=1446, pos=723, neg=723, ppm_shape=(4, 13)
[Stage2Dataset] loaded TF=ATF2, split=val, n=1875, pos=938, neg=937, ppm_shape=(4, 10)
[Stage2Dataset] loaded TF=ATF4, split=val, n=1875, pos=938, neg=937, ppm_shape=(4, 10)
[Stage2Dataset] loaded TF=BACH1, split=val, n=1875, pos=938, neg=937, ppm_shape=(4, 13)
[Stage2Dataset] loaded TF=BACH2, split=val, n=384, pos=192, neg=192, ppm_shape=(4, 14)
[Stage2Dataset] loaded TF=BATF, split=val, n=1875, pos=938, neg=937, ppm_shape=(4, 7)
[Stage2Dataset] loaded TF=BATF3, split=val, n=1875, pos=938, neg=937, ppm_shape=(4, 7)
[Stage2Dataset] loaded TF=BATF::JUN, split=val, n=1875, pos=938, neg=937, ppm_shape=(4, 11)
[Stage2Dataset] loaded TF=BCL11A, split=val, n=1238, pos=619, neg=619, ppm_shape=(4, 7)
[Stage2Dataset] loaded TF=BHLHE22, split=val, n=1875, pos=938, neg=937, ppm_shape=(4, 6)
[Stage2Dataset] loaded TF=CDX2, split=val, n=1875, pos=938, neg=937, ppm_shape=(4, 8)
[Stage2Dataset] loaded TF=CEBPA, split=val, n=1875, pos=938, neg=937, ppm_shape=(4, 10)
[Stage2Dataset] loaded TF=CEBPD, split=val, n=1875, pos=938, neg=937, ppm_shape=(4, 8)
[Stage2Dataset] loaded TF=CEBPG, split=val, n=1875, pos=938, neg=937, ppm_shape=(4, 10)
[Stage2Dataset] loaded TF=CREB1, split=val, n=1875, pos=938, neg=937, ppm_shape=(4, 8)
[Stage2Dataset] loaded TF=CREM, split=val, n=1875, pos=938, neg=937, ppm_shape=(4, 10)
[Stage2Dataset] loaded TF=CTCFL, split=val, n=1875, pos=938, neg=937, ppm_shape=(4, 8)
[Stage2Dataset] loaded TF=DMTF1, split=val, n=1160, pos=580, neg=580, ppm_shape=(4, 11)
[Stage2Dataset] loaded TF=E2F6, split=val, n=1875, pos=938, neg=937, ppm_shape=(4, 8)
[Stage2Dataset] loaded TF=EBF1, split=val, n=1875, pos=938, neg=937, ppm_shape=(4, 11)
[Stage2Dataset] loaded TF=EBF3, split=val, n=1875, pos=938, neg=937, ppm_shape=(4, 9)
[Stage2Dataset] loaded TF=EGR1, split=val, n=1875, pos=938, neg=937, ppm_shape=(4, 10)
[Stage2Dataset] loaded TF=EHF, split=val, n=1875, pos=938, neg=937, ppm_shape=(4, 9)
[Stage2Dataset] loaded TF=ELF1, split=val, n=1875, pos=938, neg=937, ppm_shape=(4, 9)
[Stage2Dataset] loaded TF=ELF3, split=val, n=1875, pos=938, neg=937, ppm_shape=(4, 9)
[Stage2Dataset] loaded TF=EPAS1, split=val, n=122, pos=61, neg=61, ppm_shape=(4, 9)
[Stage2Dataset] loaded TF=ESRRA, split=val, n=1875, pos=938, neg=937, ppm_shape=(4, 9)
[Stage2Dataset] loaded TF=ETV1, split=val, n=1875, pos=938, neg=937, ppm_shape=(4, 9)
[Stage2Dataset] loaded TF=ETV4, split=val, n=1662, pos=831, neg=831, ppm_shape=(4, 10)
[Stage2Dataset] loaded TF=ETV5, split=val, n=1875, pos=938, neg=937, ppm_shape=(4, 11)
[Stage2Dataset] loaded TF=FOSL1, split=val, n=1875, pos=938, neg=937, ppm_shape=(4, 9)
[Stage2Dataset] loaded TF=FOXA1, split=val, n=1875, pos=938, neg=937, ppm_shape=(4, 8)
[Stage2Dataset] loaded TF=FOXA2, split=val, n=1875, pos=938, neg=937, ppm_shape=(4, 8)
[Stage2Dataset] loaded TF=FOXA3, split=val, n=1875, pos=938, neg=937, ppm_shape=(4, 7)
[Stage2Dataset] loaded TF=FOXK1, split=val, n=206, pos=103, neg=103, ppm_shape=(4, 7)
[Stage2Dataset] loaded TF=FOXK2, split=val, n=1875, pos=938, neg=937, ppm_shape=(4, 7)
[Stage2Dataset] loaded TF=FOXP1, split=val, n=1875, pos=938, neg=937, ppm_shape=(4, 7)
[Stage2Dataset] loaded TF=GABPA, split=val, n=1875, pos=938, neg=937, ppm_shape=(4, 10)
[Stage2Dataset] loaded TF=GATA1, split=val, n=1875, pos=938, neg=937, ppm_shape=(4, 7)
[Stage2Dataset] loaded TF=GATA2, split=val, n=1875, pos=938, neg=937, ppm_shape=(4, 7)
[Stage2Dataset] loaded TF=GATA4, split=val, n=1875, pos=938, neg=937, ppm_shape=(4, 8)
[Stage2Dataset] loaded TF=GATA6, split=val, n=1875, pos=938, neg=937, ppm_shape=(4, 8)
[Stage2Dataset] loaded TF=GRHL2, split=val, n=1875, pos=938, neg=937, ppm_shape=(4, 8)
[Stage2Dataset] loaded TF=HAND2, split=val, n=1875, pos=938, neg=937, ppm_shape=(4, 6)
[Stage2Dataset] loaded TF=HIF1A, split=val, n=200, pos=100, neg=100, ppm_shape=(4, 6)
[Stage2Dataset] loaded TF=HLF, split=val, n=1875, pos=938, neg=937, ppm_shape=(4, 9)
[Stage2Dataset] loaded TF=HNF4A, split=val, n=1875, pos=938, neg=937, ppm_shape=(4, 9)
[Stage2Dataset] loaded TF=HNF4G, split=val, n=1875, pos=938, neg=937, ppm_shape=(4, 9)
[Stage2Dataset] loaded TF=HOXB13, split=val, n=1875, pos=938, neg=937, ppm_shape=(4, 9)
[Stage2Dataset] loaded TF=IKZF1, split=val, n=1875, pos=938, neg=937, ppm_shape=(4, 8)
[Stage2Dataset] loaded TF=IKZF2, split=val, n=1875, pos=938, neg=937, ppm_shape=(4, 6)
[Stage2Dataset] loaded TF=JUNB, split=val, n=1875, pos=938, neg=937, ppm_shape=(4, 9)
[Stage2Dataset] loaded TF=JUND, split=val, n=1875, pos=938, neg=937, ppm_shape=(4, 9)
[Stage2Dataset] loaded TF=KLF15, split=val, n=1875, pos=938, neg=937, ppm_shape=(4, 8)
[Stage2Dataset] loaded TF=KLF4, split=val, n=1875, pos=938, neg=937, ppm_shape=(4, 8)
[Stage2Dataset] loaded TF=KLF9, split=val, n=1875, pos=938, neg=937, ppm_shape=(4, 11)
[Stage2Dataset] loaded TF=LEUTX, split=val, n=1090, pos=545, neg=545, ppm_shape=(4, 8)
[Stage2Dataset] loaded TF=LHX2, split=val, n=1286, pos=643, neg=643, ppm_shape=(4, 6)
[Stage2Dataset] loaded TF=MAFF, split=val, n=1875, pos=938, neg=937, ppm_shape=(4, 11)
[Stage2Dataset] loaded TF=MAFG, split=val, n=1875, pos=938, neg=937, ppm_shape=(4, 15)
[Stage2Dataset] loaded TF=MAFG::NRF1, split=val, n=666, pos=333, neg=333, ppm_shape=(4, 16)
[Stage2Dataset] loaded TF=MAFK, split=val, n=1875, pos=938, neg=937, ppm_shape=(4, 10)
[Stage2Dataset] loaded TF=MAZ, split=val, n=1875, pos=938, neg=937, ppm_shape=(4, 8)
[Stage2Dataset] loaded TF=MEF2A, split=val, n=1875, pos=938, neg=937, ppm_shape=(4, 10)
[Stage2Dataset] loaded TF=MEIS1, split=val, n=1344, pos=672, neg=672, ppm_shape=(4, 9)
[Stage2Dataset] loaded TF=MEIS2, split=val, n=1875, pos=938, neg=937, ppm_shape=(4, 9)
[Stage2Dataset] loaded TF=MITF, split=val, n=1875, pos=938, neg=937, ppm_shape=(4, 10)
[Stage2Dataset] loaded TF=MSANTD1, split=val, n=1875, pos=938, neg=937, ppm_shape=(4, 10)
[Stage2Dataset] loaded TF=MXI1, split=val, n=1875, pos=938, neg=937, ppm_shape=(4, 6)
[Stage2Dataset] loaded TF=MYB, split=val, n=300, pos=150, neg=150, ppm_shape=(4, 6)
[Stage2Dataset] loaded TF=MYC, split=val, n=980, pos=490, neg=490, ppm_shape=(4, 8)
[Stage2Dataset] loaded TF=MYCN, split=val, n=1380, pos=690, neg=690, ppm_shape=(4, 8)
[Stage2Dataset] loaded TF=MYF5, split=val, n=1875, pos=938, neg=937, ppm_shape=(4, 8)
[Stage2Dataset] loaded TF=MYOD1, split=val, n=1875, pos=938, neg=937, ppm_shape=(4, 9)
[Stage2Dataset] loaded TF=MYOG, split=val, n=1875, pos=938, neg=937, ppm_shape=(4, 8)
[Stage2Dataset] loaded TF=MZF1, split=val, n=1670, pos=835, neg=835, ppm_shape=(4, 8)
[Stage2Dataset] loaded TF=NEUROD1, split=val, n=472, pos=236, neg=236, ppm_shape=(4, 8)
[Stage2Dataset] loaded TF=NEUROG2, split=val, n=1875, pos=938, neg=937, ppm_shape=(4, 7)
[Stage2Dataset] loaded TF=NFIB, split=val, n=880, pos=440, neg=440, ppm_shape=(4, 17)
[Stage2Dataset] loaded TF=NFIC, split=val, n=1875, pos=938, neg=937, ppm_shape=(4, 7)
[Stage2Dataset] loaded TF=NFIL3, split=val, n=1875, pos=938, neg=937, ppm_shape=(4, 9)
[Stage2Dataset] loaded TF=NFYA, split=val, n=966, pos=483, neg=483, ppm_shape=(4, 8)
[Stage2Dataset] loaded TF=NFYB, split=val, n=1480, pos=740, neg=740, ppm_shape=(4, 9)
[Stage2Dataset] loaded TF=NFYC, split=val, n=1875, pos=938, neg=937, ppm_shape=(4, 7)
[Stage2Dataset] loaded TF=NKX2-2, split=val, n=1875, pos=938, neg=937, ppm_shape=(4, 8)
[Stage2Dataset] loaded TF=NKX2-5, split=val, n=1094, pos=547, neg=547, ppm_shape=(4, 7)
[Stage2Dataset] loaded TF=NR1H4, split=val, n=96, pos=48, neg=48, ppm_shape=(4, 11)
[Stage2Dataset] loaded TF=NR2F2, split=val, n=426, pos=213, neg=213, ppm_shape=(4, 7)
[Stage2Dataset] loaded TF=NR4A1, split=val, n=1875, pos=938, neg=937, ppm_shape=(4, 8)
[Stage2Dataset] loaded TF=ONECUT1, split=val, n=1875, pos=938, neg=937, ppm_shape=(4, 9)
[Stage2Dataset] loaded TF=OSR2, split=val, n=1875, pos=938, neg=937, ppm_shape=(4, 8)
[Stage2Dataset] loaded TF=OTX2, split=val, n=1875, pos=938, neg=937, ppm_shape=(4, 7)
[Stage2Dataset] loaded TF=PAX5, split=val, n=298, pos=149, neg=149, ppm_shape=(4, 8)
[Stage2Dataset] loaded TF=PBX2, split=val, n=1875, pos=938, neg=937, ppm_shape=(4, 9)
[Stage2Dataset] loaded TF=PBX3, split=val, n=1380, pos=690, neg=690, ppm_shape=(4, 11)
[Stage2Dataset] loaded TF=PHOX2B, split=val, n=1875, pos=938, neg=937, ppm_shape=(4, 12)
[Stage2Dataset] loaded TF=PKNOX1, split=val, n=1875, pos=938, neg=937, ppm_shape=(4, 10)
[Stage2Dataset] loaded TF=POU2F3, split=val, n=1875, pos=938, neg=937, ppm_shape=(4, 9)
[Stage2Dataset] loaded TF=POU5F1, split=val, n=1875, pos=938, neg=937, ppm_shape=(4, 7)
[Stage2Dataset] loaded TF=PRDM1, split=val, n=1875, pos=938, neg=937, ppm_shape=(4, 7)
[Stage2Dataset] loaded TF=PRDM4, split=val, n=1816, pos=908, neg=908, ppm_shape=(4, 11)
[Stage2Dataset] loaded TF=RBPJ, split=val, n=482, pos=241, neg=241, ppm_shape=(4, 6)
[Stage2Dataset] loaded TF=RELB, split=val, n=680, pos=340, neg=340, ppm_shape=(4, 7)
[Stage2Dataset] loaded TF=RFX1, split=val, n=1875, pos=938, neg=937, ppm_shape=(4, 14)
[Stage2Dataset] loaded TF=RFX3, split=val, n=1540, pos=770, neg=770, ppm_shape=(4, 14)
[Stage2Dataset] loaded TF=RUNX3, split=val, n=1875, pos=938, neg=937, ppm_shape=(4, 8)
[Stage2Dataset] loaded TF=SCRT1, split=val, n=1875, pos=938, neg=937, ppm_shape=(4, 10)
[Stage2Dataset] loaded TF=SCRT2, split=val, n=1875, pos=938, neg=937, ppm_shape=(4, 10)
[Stage2Dataset] loaded TF=SIX1, split=val, n=222, pos=111, neg=111, ppm_shape=(4, 9)
[Stage2Dataset] loaded TF=SIX2, split=val, n=1100, pos=550, neg=550, ppm_shape=(4, 11)
[Stage2Dataset] loaded TF=SNAI2, split=val, n=1875, pos=938, neg=937, ppm_shape=(4, 8)
[Stage2Dataset] loaded TF=SOX10, split=val, n=416, pos=208, neg=208, ppm_shape=(4, 6)
[Stage2Dataset] loaded TF=SOX13, split=val, n=922, pos=461, neg=461, ppm_shape=(4, 7)
[Stage2Dataset] loaded TF=SOX2, split=val, n=1875, pos=938, neg=937, ppm_shape=(4, 7)
[Stage2Dataset] loaded TF=SPI1, split=val, n=1875, pos=938, neg=937, ppm_shape=(4, 20)
[Stage2Dataset] loaded TF=SPIB, split=val, n=1875, pos=938, neg=937, ppm_shape=(4, 13)
[Stage2Dataset] loaded TF=SREBF1, split=val, n=1408, pos=704, neg=704, ppm_shape=(4, 10)
[Stage2Dataset] loaded TF=TCF12, split=val, n=1875, pos=938, neg=937, ppm_shape=(4, 7)
[Stage2Dataset] loaded TF=TCF3, split=val, n=1875, pos=938, neg=937, ppm_shape=(4, 7)
[Stage2Dataset] loaded TF=TCF4, split=val, n=1875, pos=938, neg=937, ppm_shape=(4, 8)
[Stage2Dataset] loaded TF=TCF7, split=val, n=1875, pos=938, neg=937, ppm_shape=(4, 7)
[Stage2Dataset] loaded TF=TEAD1, split=val, n=1875, pos=938, neg=937, ppm_shape=(4, 9)
[Stage2Dataset] loaded TF=TEAD2, split=val, n=110, pos=55, neg=55, ppm_shape=(4, 7)
[Stage2Dataset] loaded TF=TEAD4, split=val, n=1875, pos=938, neg=937, ppm_shape=(4, 8)
[Stage2Dataset] loaded TF=TFAP2A, split=val, n=1875, pos=938, neg=937, ppm_shape=(4, 9)
[Stage2Dataset] loaded TF=TFAP2C, split=val, n=1875, pos=938, neg=937, ppm_shape=(4, 9)
[Stage2Dataset] loaded TF=TFDP1, split=val, n=394, pos=197, neg=197, ppm_shape=(4, 8)
[Stage2Dataset] loaded TF=THAP11, split=val, n=90, pos=45, neg=45, ppm_shape=(4, 19)
[Stage2Dataset] loaded TF=TIGD3, split=val, n=1875, pos=938, neg=937, ppm_shape=(4, 8)
[Stage2Dataset] loaded TF=TPRX1, split=val, n=1875, pos=938, neg=937, ppm_shape=(4, 10)
[Stage2Dataset] loaded TF=TWIST1, split=val, n=1875, pos=938, neg=937, ppm_shape=(4, 8)
[Stage2Dataset] loaded TF=USF1, split=val, n=1875, pos=938, neg=937, ppm_shape=(4, 10)
[Stage2Dataset] loaded TF=USF2, split=val, n=1875, pos=938, neg=937, ppm_shape=(4, 14)
[Stage2Dataset] loaded TF=USF3, split=val, n=1840, pos=920, neg=920, ppm_shape=(4, 8)
[Stage2Dataset] loaded TF=YY2, split=val, n=1098, pos=549, neg=549, ppm_shape=(4, 7)
[Stage2Dataset] loaded TF=ZBED4, split=val, n=130, pos=65, neg=65, ppm_shape=(4, 10)
[Stage2Dataset] loaded TF=ZBED5, split=val, n=1875, pos=938, neg=937, ppm_shape=(4, 8)
[Stage2Dataset] loaded TF=ZBTB11, split=val, n=472, pos=236, neg=236, ppm_shape=(4, 9)
[Stage2Dataset] loaded TF=ZBTB12, split=val, n=932, pos=466, neg=466, ppm_shape=(4, 7)
[Stage2Dataset] loaded TF=ZBTB14, split=val, n=884, pos=442, neg=442, ppm_shape=(4, 8)
[Stage2Dataset] loaded TF=ZBTB17, split=val, n=62, pos=31, neg=31, ppm_shape=(4, 8)
[Stage2Dataset] loaded TF=ZBTB26, split=val, n=330, pos=165, neg=165, ppm_shape=(4, 8)
[Stage2Dataset] loaded TF=ZBTB6, split=val, n=452, pos=226, neg=226, ppm_shape=(4, 9)
[Stage2Dataset] loaded TF=ZBTB7A, split=val, n=1875, pos=938, neg=937, ppm_shape=(4, 13)
[Stage2Dataset] loaded TF=ZEB1, split=val, n=1875, pos=938, neg=937, ppm_shape=(4, 6)
[Stage2Dataset] loaded TF=ZFP42, split=val, n=348, pos=174, neg=174, ppm_shape=(4, 13)
[Stage2Dataset] loaded TF=ZFP57, split=val, n=1288, pos=644, neg=644, ppm_shape=(4, 7)
[Stage2Dataset] loaded TF=ZFTA, split=val, n=1875, pos=938, neg=937, ppm_shape=(4, 9)
[Stage2Dataset] loaded TF=ZIM3, split=val, n=1875, pos=938, neg=937, ppm_shape=(4, 11)
[Stage2Dataset] loaded TF=ZKSCAN1, split=val, n=1224, pos=612, neg=612, ppm_shape=(4, 9)
[Stage2Dataset] loaded TF=ZKSCAN5, split=val, n=658, pos=329, neg=329, ppm_shape=(4, 9)
[Stage2Dataset] loaded TF=ZNF135, split=val, n=318, pos=159, neg=159, ppm_shape=(4, 14)
[Stage2Dataset] loaded TF=ZNF136, split=val, n=716, pos=358, neg=358, ppm_shape=(4, 15)
[Stage2Dataset] loaded TF=ZNF140, split=val, n=366, pos=183, neg=183, ppm_shape=(4, 19)
[Stage2Dataset] loaded TF=ZNF148, split=val, n=1875, pos=938, neg=937, ppm_shape=(4, 10)
[Stage2Dataset] loaded TF=ZNF16, split=val, n=164, pos=82, neg=82, ppm_shape=(4, 21)
[Stage2Dataset] loaded TF=ZNF175, split=val, n=292, pos=146, neg=146, ppm_shape=(4, 9)
[Stage2Dataset] loaded TF=ZNF189, split=val, n=1875, pos=938, neg=937, ppm_shape=(4, 9)
[Stage2Dataset] loaded TF=ZNF213, split=val, n=132, pos=66, neg=66, ppm_shape=(4, 12)
[Stage2Dataset] loaded TF=ZNF24, split=val, n=1875, pos=938, neg=937, ppm_shape=(4, 13)
[Stage2Dataset] loaded TF=ZNF251, split=val, n=394, pos=197, neg=197, ppm_shape=(4, 20)
[Stage2Dataset] loaded TF=ZNF263, split=val, n=1875, pos=938, neg=937, ppm_shape=(4, 7)
[Stage2Dataset] loaded TF=ZNF317, split=val, n=1875, pos=938, neg=937, ppm_shape=(4, 8)
[Stage2Dataset] loaded TF=ZNF331, split=val, n=240, pos=120, neg=120, ppm_shape=(4, 10)
[Stage2Dataset] loaded TF=ZNF341, split=val, n=1875, pos=938, neg=937, ppm_shape=(4, 8)
[Stage2Dataset] loaded TF=ZNF347, split=val, n=424, pos=212, neg=212, ppm_shape=(4, 16)
[Stage2Dataset] loaded TF=ZNF35, split=val, n=1875, pos=938, neg=937, ppm_shape=(4, 7)
[Stage2Dataset] loaded TF=ZNF362, split=val, n=1875, pos=938, neg=937, ppm_shape=(4, 10)
[Stage2Dataset] loaded TF=ZNF382, split=val, n=1130, pos=565, neg=565, ppm_shape=(4, 24)
[Stage2Dataset] loaded TF=ZNF384, split=val, n=1875, pos=938, neg=937, ppm_shape=(4, 8)
[Stage2Dataset] loaded TF=ZNF43, split=val, n=132, pos=66, neg=66, ppm_shape=(4, 12)
[Stage2Dataset] loaded TF=ZNF449, split=val, n=1558, pos=779, neg=779, ppm_shape=(4, 10)
[Stage2Dataset] loaded TF=ZNF460, split=val, n=372, pos=186, neg=186, ppm_shape=(4, 16)
[Stage2Dataset] loaded TF=ZNF470, split=val, n=18, pos=9, neg=9, ppm_shape=(4, 16)
[Stage2Dataset] loaded TF=ZNF528, split=val, n=130, pos=65, neg=65, ppm_shape=(4, 17)
[Stage2Dataset] loaded TF=ZNF547, split=val, n=84, pos=42, neg=42, ppm_shape=(4, 13)
[Stage2Dataset] loaded TF=ZNF549, split=val, n=976, pos=488, neg=488, ppm_shape=(4, 8)
[Stage2Dataset] loaded TF=ZNF610, split=val, n=500, pos=250, neg=250, ppm_shape=(4, 10)
[Stage2Dataset] loaded TF=ZNF652, split=val, n=1875, pos=938, neg=937, ppm_shape=(4, 9)
[Stage2Dataset] loaded TF=ZNF677, split=val, n=308, pos=154, neg=154, ppm_shape=(4, 12)
[Stage2Dataset] loaded TF=ZNF680, split=val, n=1162, pos=581, neg=581, ppm_shape=(4, 11)
[Stage2Dataset] loaded TF=ZNF682, split=val, n=202, pos=101, neg=101, ppm_shape=(4, 11)
[Stage2Dataset] loaded TF=ZNF700, split=val, n=504, pos=252, neg=252, ppm_shape=(4, 10)
[Stage2Dataset] loaded TF=ZNF707, split=val, n=234, pos=117, neg=117, ppm_shape=(4, 15)
[Stage2Dataset] loaded TF=ZNF708, split=val, n=168, pos=84, neg=84, ppm_shape=(4, 9)
[Stage2Dataset] loaded TF=ZNF724, split=val, n=34, pos=17, neg=17, ppm_shape=(4, 24)
[Stage2Dataset] loaded TF=ZNF75D, split=val, n=1436, pos=718, neg=718, ppm_shape=(4, 10)
[Stage2Dataset] loaded TF=ZNF766, split=val, n=1608, pos=804, neg=804, ppm_shape=(4, 9)
[Stage2Dataset] loaded TF=ZNF770, split=val, n=1875, pos=938, neg=937, ppm_shape=(4, 8)
[Stage2Dataset] loaded TF=ZNF8, split=val, n=536, pos=268, neg=268, ppm_shape=(4, 20)
[Stage2Dataset] loaded TF=ZNF816, split=val, n=204, pos=102, neg=102, ppm_shape=(4, 15)
[Stage2Dataset] loaded TF=ZNF841, split=val, n=14, pos=7, neg=7, ppm_shape=(4, 13)
[Stage2Dataset] loaded TF=ZNF85, split=val, n=112, pos=56, neg=56, ppm_shape=(4, 12)
[Stage2Dataset] loaded TF=ZNF93, split=val, n=438, pos=219, neg=219, ppm_shape=(4, 14)
[Stage2Dataset] loaded TF=ZSCAN21, split=val, n=212, pos=106, neg=106, ppm_shape=(4, 7)
[Stage2Dataset] loaded TF=ZXDA, split=val, n=718, pos=359, neg=359, ppm_shape=(4, 8)
================================================================================
[Stage2Dataset] summary
data_root: /root/autodl-tmp/bed_split_result
ppm_root: /root/autodl-tmp/data/PPM_data
split: val
length: 100
num_tfs: 196
num_samples: 266960
skipped_tfs: 0
================================================================================
[DNABERT2 tokenizer]
  model_path: /root/autodl-tmp/model
  tokenizer class: <class 'transformers.tokenization_utils_tokenizers.TokenizersBackend'>
  is_fast: True
  vocab size: 4096
  pad_token: [PAD] 3
  cls_token: [CLS] 1
  sep_token: [SEP] 2
  unk_token: [UNK] 0
  mask_token: [MASK] 4
[DNABERT2] flash_attn_qkvpacked_func disabled.
[DNABERT2 backbone load]
  missing keys: ['pooler.dense.weight', 'pooler.dense.bias']
  unexpected keys: []
total_train_steps: 66766
warmup_steps: 4005
